[1/92] alekseev ...
  0 -> 66 (66 new); 32 published / 34 preprint
[2/92] bi-yanhui ...
  10 -> 10 (0 new); 3 published / 7 preprint
[3/92] boalch ...
  31 -> 31 (0 new); 19 published / 12 preprint
[4/92] chan-kwokwai ...
  1 -> 46 (45 new); 41 published / 5 preprint
[5/92] chao-qian ...
  2 -> 16 (14 new); 6 published / 10 preprint
[6/92] chen-zhuo ...
  21 -> 39 (18 new); 23 published / 16 preprint
[7/92] cheng-jiahao ...
  4 -> 4 (0 new); 3 published / 1 preprint
[8/92] cheng-zhechi ...
  4 -> 4 (0 new); 3 published / 1 preprint
[9/92] cotti ...
  16 -> 16 (0 new); 10 published / 6 preprint
[10/92] dai-bo ...
  4 -> 12 (8 new); 6 published / 6 preprint
[11/92] ding-yanqiao ...
  10 -> 10 (0 new); 1 published / 9 preprint
[12/92] du-chengyong ...
  skipped: no candidates
[13/92] dubrovin ...
  0 -> 50 (50 new); 21 published / 29 preprint
[14/92] faddeev ...
  0 -> 7 (7 new); 7 published / 0 preprint
[15/92] fan-huijun ...
  17 -> 22 (5 new); 2 published / 20 preprint
[16/92] fang-bohan ...
  6 -> 24 (18 new); 14 published / 10 preprint
[17/92] gui-tao ...
  1 -> 10 (9 new); 2 published / 8 preprint
[18/92] guo-jindong ...
  3 -> 4 (1 new); 0 published / 4 preprint
[19/92] guo-shuai ...
  15 -> 30 (15 new); 6 published / 24 preprint
[20/92] guzzetti ...
  24 -> 24 (0 new); 16 published / 8 preprint
[21/92] he-weiqiang ...
  12 -> 12 (0 new); 3 published / 9 preprint
[22/92] hertling ...
  0 -> 44 (44 new); 8 published / 36 preprint
[23/92] hong-wei ...
  7 -> 7 (0 new); 4 published / 3 preprint
[24/92] hu-chuangqiang ...
  15 -> 15 (0 new); 0 published / 15 preprint
[25/92] hu-jianxun ...
  13 -> 23 (10 new); 5 published / 18 preprint
[26/92] hu-xiaowen ...
  16 -> 16 (0 new); 4 published / 12 preprint
[27/92] huan-zhen ...
  8 -> 14 (6 new); 4 published / 10 preprint
[28/92] ji-ce ...
  4 -> 5 (1 new); 1 published / 4 preprint
[29/92] jin-xiaoshang ...
  14 -> 14 (0 new); 4 published / 10 preprint
[30/92] k-saito ...
  0 -> 20 (20 new); 0 published / 20 preprint
[31/92] ke-huazhong ...
  4 -> 4 (0 new); 1 published / 3 preprint
[32/92] kontsevich ...
  0 -> 60 (60 new); 19 published / 41 preprint
[33/92] lang-honglei ...
  22 -> 22 (0 new); 13 published / 9 preprint
[34/92] leung-naichung ...
  2 -> 40 (38 new); 21 published / 19 preprint
[35/92] li-ao ...
  0 -> 0 (0 new); 0 published / 0 preprint
[36/92] li-changzheng ...
  36 -> 36 (0 new); 22 published / 14 preprint
[37/92] li-qin ...
  10 -> 19 (9 new); 9 published / 10 preprint
[38/92] li-xiaobin ...
  5 -> 5 (0 new); 3 published / 2 preprint
[39/92] liu-fangjun ...
  skipped: no candidates
[40/92] liu-melissa ...
  0 -> 53 (53 new); 39 published / 14 preprint
[41/92] liu-siqi ...
  40 -> 44 (4 new); 0 published / 44 preprint
[42/92] liu-xiaobo ...
  24 -> 32 (8 new); 11 published / 21 preprint
[43/92] liu-zhangju ...
  1 -> 5 (4 new); 1 published / 4 preprint
[44/92] lu-wen ...
  8 -> 8 (0 new); 2 published / 6 preprint
[45/92] manin-yuri ...
  0 -> 37 (37 new); 9 published / 28 preprint
[46/92] mazzocco ...
  0 -> 29 (29 new); 10 published / 19 preprint
[47/92] ni-dadi ...
  7 -> 7 (0 new); 3 published / 4 preprint
[48/92] novikov-sergei ...
  0 -> 0 (0 new); 0 published / 0 preprint
[49/92] qiao-yu ...
  11 -> 21 (10 new); 6 published / 15 preprint
[50/92] qu-haonan ...
  5 -> 5 (0 new); 3 published / 2 preprint
[51/92] rao-sheng ...
  21 -> 21 (0 new); 3 published / 18 preprint
[52/92] ruan-yongbin ...
  0 -> 57 (57 new); 16 published / 41 preprint
[53/92] ryszard-nest ...
  17 -> 31 (14 new); 12 published / 19 preprint
[54/92] sabbah ...
  0 -> 56 (56 new); 46 published / 10 preprint
[55/92] si-li ...
  0 -> 40 (40 new); 15 published / 25 preprint
[56/92] song-jiayu ...
  4 -> 4 (0 new); 2 published / 2 preprint
[57/92] sun-shanzhong ...
  19 -> 19 (0 new); 3 published / 16 preprint
[58/92] tan-timing ...
  skipped: no candidates
[59/92] tang-qian ...
  3 -> 4 (1 new); 0 published / 4 preprint
[60/92] tang-xinxing ...
  5 -> 7 (2 new); 2 published / 5 preprint
[61/92] tian-gang ...
  0 -> 1 (1 new); 1 published / 0 preprint
[62/92] tu-junwu ...
  25 -> 25 (0 new); 9 published / 16 preprint
[63/92] wang-chongyu ...
  2 -> 2 (0 new); 0 published / 2 preprint
[64/92] wang-luyao ...
  8 -> 8 (0 new); 0 published / 8 preprint
[65/92] wang-xin ...
  8 -> 9 (1 new); 3 published / 6 preprint
[66/92] wang-zhiyong ...
  1 -> 3 (2 new); 0 published / 3 preprint
[67/92] wang-zhiyuan ...
  15 -> 15 (0 new); 6 published / 9 preprint
[68/92] wen-hao ...
  6 -> 6 (0 new); 2 published / 4 preprint
[69/92] wu-chaozhong ...
  skipped: no candidates
[70/92] wu-longting ...
  9 -> 10 (1 new); 4 published / 6 preprint
[71/92] xiang-maosong ...
  13 -> 14 (1 new); 9 published / 5 preprint
[72/92] xu-xiaomeng ...
  25 -> 29 (4 new); 8 published / 21 preprint
[73/92] xu-xu ...
  4 -> 5 (1 new); 0 published / 5 preprint
[74/92] yang-chenglang ...
  19 -> 21 (2 new); 8 published / 13 preprint
[75/92] yang-di ...
  50 -> 54 (4 new); 15 published / 39 preprint
[76/92] yang-yi ...
  0 -> 79 (79 new); 55 published / 24 preprint
[77/92] yau-shingtung ...
  0 -> 10 (10 new); 4 published / 6 preprint
[78/92] you-lei ...
  0 -> 0 (0 new); 0 published / 0 preprint
[79/92] zagier ...
  0 -> 39 (39 new); 11 published / 28 preprint
[80/92] zeng-haozhi ...
  14 -> 14 (0 new); 6 published / 8 preprint
[81/92] zhang-bin ...
  18 -> 31 (13 new); 16 published / 15 preprint
[82/92] zhang-huailiang ...
  23 -> 23 (0 new); 7 published / 16 preprint
[83/92] zhang-ning ...
  9 -> 18 (9 new); 9 published / 9 preprint
[84/92] zhang-qing ...
  14 -> 36 (22 new); 17 published / 19 preprint
[85/92] zhang-qingsheng ...
  5 -> 9 (4 new); 1 published / 8 preprint
[86/92] zhang-wei ...
  0 -> 0 (0 new); 0 published / 0 preprint
[87/92] zhang-xuhui ...
  1 -> 1 (0 new); 0 published / 1 preprint
[88/92] zhang-youjin ...
  0 -> 53 (53 new); 24 published / 29 preprint
[89/92] zhao-jiayi ...
  1 -> 1 (0 new); 0 published / 1 preprint
[90/92] zhou-chunhui ...
  7 -> 11 (4 new); 4 published / 7 preprint
[91/92] zhou-jian ...
  0 -> 10 (10 new); 2 published / 8 preprint
[92/92] zong-zhengyu ...
  6 -> 24 (18 new); 10 published / 14 preprint

=== SUMMARY ===
slug                       before   after  +new   pub arxiv
alekseev                        0      66    66    32    34
bi-yanhui                      10      10     0     3     7
boalch                         31      31     0    19    12
chan-kwokwai                    1      46    45    41     5
chao-qian                       2      16    14     6    10
chen-zhuo                      21      39    18    23    16
cheng-jiahao                    4       4     0     3     1
cheng-zhechi                    4       4     0     3     1
cotti                          16      16     0    10     6
dai-bo                          4      12     8     6     6
ding-yanqiao                   10      10     0     1     9
dubrovin                        0      50    50    21    29
faddeev                         0       7     7     7     0
fan-huijun                     17      22     5     2    20
fang-bohan                      6      24    18    14    10
gui-tao                         1      10     9     2     8
guo-jindong                     3       4     1     0     4
guo-shuai                      15      30    15     6    24
guzzetti                       24      24     0    16     8
he-weiqiang                    12      12     0     3     9
hertling                        0      44    44     8    36
hong-wei                        7       7     0     4     3
hu-chuangqiang                 15      15     0     0    15
hu-jianxun                     13      23    10     5    18
hu-xiaowen                     16      16     0     4    12
huan-zhen                       8      14     6     4    10
ji-ce                           4       5     1     1     4
jin-xiaoshang                  14      14     0     4    10
k-saito                         0      20    20     0    20
ke-huazhong                     4       4     0     1     3
kontsevich                      0      60    60    19    41
lang-honglei                   22      22     0    13     9
leung-naichung                  2      40    38    21    19
li-ao                           0       0     0     0     0
li-changzheng                  36      36     0    22    14
li-qin                         10      19     9     9    10
li-xiaobin                      5       5     0     3     2
liu-melissa                     0      53    53    39    14
liu-siqi                       40      44     4     0    44
liu-xiaobo                     24      32     8    11    21
liu-zhangju                     1       5     4     1     4
lu-wen                          8       8     0     2     6
manin-yuri                      0      37    37     9    28
mazzocco                        0      29    29    10    19
ni-dadi                         7       7     0     3     4
novikov-sergei                  0       0     0     0     0
qiao-yu                        11      21    10     6    15
qu-haonan                       5       5     0     3     2
rao-sheng                      21      21     0     3    18
ruan-yongbin                    0      57    57    16    41
ryszard-nest                   17      31    14    12    19
sabbah                          0      56    56    46    10
si-li                           0      40    40    15    25
song-jiayu                      4       4     0     2     2
sun-shanzhong                  19      19     0     3    16
tang-qian                       3       4     1     0     4
tang-xinxing                    5       7     2     2     5
tian-gang                       0       1     1     1     0
tu-junwu                       25      25     0     9    16
wang-chongyu                    2       2     0     0     2
wang-luyao                      8       8     0     0     8
wang-xin                        8       9     1     3     6
wang-zhiyong                    1       3     2     0     3
wang-zhiyuan                   15      15     0     6     9
wen-hao                         6       6     0     2     4
wu-longting                     9      10     1     4     6
xiang-maosong                  13      14     1     9     5
xu-xiaomeng                    25      29     4     8    21
xu-xu                           4       5     1     0     5
yang-chenglang                 19      21     2     8    13
yang-di                        50      54     4    15    39
yang-yi                         0      79    79    55    24
yau-shingtung                   0      10    10     4     6
you-lei                         0       0     0     0     0
zagier                          0      39    39    11    28
zeng-haozhi                    14      14     0     6     8
zhang-bin                      18      31    13    16    15
zhang-huailiang                23      23     0     7    16
zhang-ning                      9      18     9     9     9
zhang-qing                     14      36    22    17    19
zhang-qingsheng                 5       9     4     1     8
zhang-wei                       0       0     0     0     0
zhang-xuhui                     1       1     0     0     1
zhang-youjin                    0      53    53    24    29
zhao-jiayi                      1       1     0     0     1
zhou-chunhui                    7      11     4     4     7
zhou-jian                       0      10    10     2     8
zong-zhengyu                    6      24    18    10    14
