[1/92] alekseev ...
  arxiv 66 + openalex 51 -> 96 (+30 via OA); 68 pub / 28 preprint
[2/92] bi-yanhui ...
  arxiv 10 + openalex 45 -> 53 (+43 via OA); 46 pub / 7 preprint
[3/92] boalch ...
  arxiv 31 + openalex 59 -> 43 (+12 via OA); 37 pub / 6 preprint
[4/92] chan-kwokwai ...
  arxiv 46 + openalex 56 -> 52 (+6 via OA); 49 pub / 3 preprint
[5/92] chao-qian ...
  arxiv 16 + openalex 3 -> 16 (+0 via OA); 6 pub / 10 preprint
[6/92] chen-zhuo ...
  skipped: openalex profile contaminated (9/845 math); needs manual external_ids.openalex
[7/92] cheng-jiahao ...
  skipped: openalex profile contaminated (11/501 math); needs manual external_ids.openalex
[8/92] cheng-zhechi ...
  arxiv 3 + openalex 6 -> 4 (+1 via OA); 4 pub / 0 preprint
[9/92] cotti ...
  arxiv 16 + openalex 32 -> 26 (+10 via OA); 24 pub / 2 preprint
[10/92] dai-bo ...
  skipped: openalex profile contaminated (7/772 math); needs manual external_ids.openalex
[11/92] ding-yanqiao ...
  arxiv 10 + openalex 37 -> 33 (+23 via OA); 31 pub / 2 preprint
[12/92] du-chengyong ...
  arxiv 22 + openalex 30 -> 25 (+3 via OA); 23 pub / 2 preprint
[13/92] dubrovin ...
  arxiv 50 + openalex 170 -> 142 (+92 via OA); 121 pub / 21 preprint
[14/92] faddeev ...
  arxiv 7 + openalex 16 -> 16 (+9 via OA); 14 pub / 2 preprint
[15/92] fan-huijun ...
  skipped: openalex profile contaminated (16/214 math); needs manual external_ids.openalex
[16/92] fang-bohan ...
  arxiv 24 + openalex 40 -> 32 (+8 via OA); 29 pub / 3 preprint
[17/92] gui-tao ...
  skipped: openalex profile contaminated (166/956 math); needs manual external_ids.openalex
[18/92] guo-jindong ...
  arxiv 4 + openalex 37 -> 23 (+19 via OA); 15 pub / 8 preprint
[19/92] guo-shuai ...
  arxiv 30 + openalex 25 -> 40 (+10 via OA); 27 pub / 13 preprint
[20/92] guzzetti ...
  arxiv 24 + openalex 56 -> 50 (+26 via OA); 41 pub / 9 preprint
[21/92] he-weiqiang ...
  arxiv 12 + openalex 21 -> 17 (+5 via OA); 15 pub / 2 preprint
[22/92] hertling ...
  arxiv 44 + openalex 116 -> 92 (+48 via OA); 91 pub / 1 preprint
[23/92] hong-wei ...
  skipped: openalex profile contaminated (64/5819 math); needs manual external_ids.openalex
[24/92] hu-chuangqiang ...
  arxiv 15 + openalex 12 -> 20 (+5 via OA); 10 pub / 10 preprint
[25/92] hu-jianxun ...
  skipped: openalex profile contaminated (0/123 math); needs manual external_ids.openalex
[26/92] hu-xiaowen ...
  skipped: openalex profile contaminated (7/286 math); needs manual external_ids.openalex
[27/92] huan-zhen ...
  skipped: openalex profile contaminated (0/198 math); needs manual external_ids.openalex
[28/92] ji-ce ...
  skipped: openalex profile contaminated (7/152 math); needs manual external_ids.openalex
[29/92] jin-xiaoshang ...
  arxiv 14 + openalex 22 -> 16 (+2 via OA); 15 pub / 1 preprint
[30/92] k-saito ...
  arxiv 20 + openalex 88 -> 75 (+55 via OA); 64 pub / 11 preprint
[31/92] ke-huazhong ...
  arxiv 4 + openalex 30 -> 23 (+19 via OA); 22 pub / 1 preprint
[32/92] kontsevich ...
  arxiv 60 + openalex 122 -> 90 (+30 via OA); 80 pub / 10 preprint
[33/92] lang-honglei ...
  arxiv 22 + openalex 36 -> 27 (+5 via OA); 27 pub / 0 preprint
[34/92] leung-naichung ...
  arxiv 40 + openalex 191 -> 140 (+100 via OA); 130 pub / 10 preprint
[35/92] li-ao ...
  skipped: openalex profile contaminated (12/71 math); needs manual external_ids.openalex
[36/92] li-changzheng ...
  skipped: openalex profile contaminated (10/1120 math); needs manual external_ids.openalex
[37/92] li-qin ...
  skipped: openalex profile contaminated (10/1550 math); needs manual external_ids.openalex
[38/92] li-xiaobin ...
  skipped: openalex profile contaminated (33/1435 math); needs manual external_ids.openalex
[39/92] liu-fangjun ...
  skipped: openalex profile contaminated (1/153 math); needs manual external_ids.openalex
[40/92] liu-melissa ...
  arxiv 53 + openalex 55 -> 61 (+8 via OA); 52 pub / 9 preprint
[41/92] liu-siqi ...
  arxiv 44 + openalex 2 -> 45 (+1 via OA); 2 pub / 43 preprint
[42/92] liu-xiaobo ...
  arxiv 32 + openalex 94 -> 89 (+57 via OA); 81 pub / 8 preprint
[43/92] liu-zhangju ...
  skipped: openalex profile contaminated (3/609 math); needs manual external_ids.openalex
[44/92] lu-wen ...
  skipped: openalex profile contaminated (12/1172 math); needs manual external_ids.openalex
[45/92] manin-yuri ...
  arxiv 37 + openalex 168 -> 176 (+139 via OA); 138 pub / 38 preprint
[46/92] mazzocco ...
  arxiv 29 + openalex 71 -> 50 (+21 via OA); 45 pub / 5 preprint
[47/92] ni-dadi ...
  arxiv 7 + openalex 8 -> 8 (+1 via OA); 6 pub / 2 preprint
[48/92] novikov-sergei ...
  skipped: openalex math-works 164 > 5× arxiv (0); profile likely homonym-merged. needs manual external_ids.openalex
[49/92] qiao-yu ...
  skipped: openalex profile contaminated (27/1056 math); needs manual external_ids.openalex
[50/92] qu-haonan ...
  skipped: openalex profile contaminated (1/54 math); needs manual external_ids.openalex
[51/92] rao-sheng ...
  skipped: openalex profile contaminated (2/243 math); needs manual external_ids.openalex
[52/92] ruan-yongbin ...
  arxiv 57 + openalex 111 -> 85 (+28 via OA); 81 pub / 4 preprint
[53/92] ryszard-nest ...
  arxiv 31 + openalex 117 -> 88 (+57 via OA); 80 pub / 8 preprint
[54/92] sabbah ...
  arxiv 56 + openalex 126 -> 113 (+57 via OA); 107 pub / 6 preprint
[55/92] si-li ...
  skipped: openalex math-works 520 > 5× arxiv (40); profile likely homonym-merged. needs manual external_ids.openalex
[56/92] song-jiayu ...
  skipped: openalex profile contaminated (31/95 math); needs manual external_ids.openalex
[57/92] sun-shanzhong ...
  arxiv 19 + openalex 26 -> 32 (+13 via OA); 21 pub / 11 preprint
[58/92] tan-timing ...
  skipped: no openalex id
[59/92] tang-qian ...
  skipped: openalex profile contaminated (45/1745 math); needs manual external_ids.openalex
[60/92] tang-xinxing ...
  skipped: openalex profile contaminated (3/196 math); needs manual external_ids.openalex
[61/92] tian-gang ...
  skipped: openalex profile contaminated (29/990 math); needs manual external_ids.openalex
[62/92] tu-junwu ...
  skipped: openalex profile contaminated (2/82 math); needs manual external_ids.openalex
[63/92] wang-chongyu ...
  skipped: openalex profile contaminated (1/237 math); needs manual external_ids.openalex
[64/92] wang-luyao ...
  skipped: openalex profile contaminated (0/340 math); needs manual external_ids.openalex
[65/92] wang-xin ...
  skipped: openalex profile contaminated (7/1728 math); needs manual external_ids.openalex
[66/92] wang-zhiyong ...
  skipped: openalex profile contaminated (3/435 math); needs manual external_ids.openalex
[67/92] wang-zhiyuan ...
  skipped: openalex profile contaminated (24/78 math); needs manual external_ids.openalex
[68/92] wen-hao ...
  skipped: openalex profile contaminated (141/5479 math); needs manual external_ids.openalex
[69/92] wu-chaozhong ...
  skipped: openalex profile contaminated (6/191 math); needs manual external_ids.openalex
[70/92] wu-longting ...
  skipped: openalex profile contaminated (0/134 math); needs manual external_ids.openalex
[71/92] xiang-maosong ...
  arxiv 14 + openalex 19 -> 14 (+0 via OA); 13 pub / 1 preprint
[72/92] xu-xiaomeng ...
  arxiv 29 + openalex 52 -> 40 (+11 via OA); 38 pub / 2 preprint
[73/92] xu-xu ...
  skipped: openalex profile contaminated (47/3828 math); needs manual external_ids.openalex
[74/92] yang-chenglang ...
  arxiv 21 + openalex 31 -> 24 (+3 via OA); 22 pub / 2 preprint
[75/92] yang-di ...
  skipped: openalex profile contaminated (14/82 math); needs manual external_ids.openalex
[76/92] yang-yi ...
  skipped: openalex profile contaminated (21/1267 math); needs manual external_ids.openalex
[77/92] yau-shingtung ...
  skipped: openalex math-works 634 > 5× arxiv (10); profile likely homonym-merged. needs manual external_ids.openalex
[78/92] you-lei ...
  skipped: openalex profile contaminated (57/392 math); needs manual external_ids.openalex
[79/92] zagier ...
  skipped: openalex math-works 247 > 5× arxiv (39); profile likely homonym-merged. needs manual external_ids.openalex
[80/92] zeng-haozhi ...
  arxiv 13 + openalex 26 -> 19 (+6 via OA); 15 pub / 4 preprint
[81/92] zhang-bin ...
  skipped: openalex profile contaminated (31/1419 math); needs manual external_ids.openalex
[82/92] zhang-huailiang ...
  arxiv 23 + openalex 69 -> 59 (+36 via OA); 30 pub / 29 preprint
[83/92] zhang-ning ...
  skipped: openalex profile contaminated (27/1214 math); needs manual external_ids.openalex
[84/92] zhang-qing ...
  skipped: openalex profile contaminated (47/3828 math); needs manual external_ids.openalex
[85/92] zhang-qingsheng ...
  skipped: openalex profile contaminated (1/166 math); needs manual external_ids.openalex
[86/92] zhang-wei ...
  skipped: openalex profile contaminated (19/2594 math); needs manual external_ids.openalex
[87/92] zhang-xuhui ...
  skipped: openalex profile contaminated (11/252 math); needs manual external_ids.openalex
[88/92] zhang-youjin ...
  arxiv 53 + openalex 88 -> 72 (+19 via OA); 71 pub / 1 preprint
[89/92] zhao-jiayi ...
  skipped: openalex profile contaminated (78/1552 math); needs manual external_ids.openalex
[90/92] zhou-chunhui ...
  skipped: openalex math-works 107 > 5× arxiv (11); profile likely homonym-merged. needs manual external_ids.openalex
[91/92] zhou-jian ...
  skipped: openalex profile contaminated (15/1251 math); needs manual external_ids.openalex
[92/92] zong-zhengyu ...
  arxiv 24 + openalex 32 -> 26 (+2 via OA); 22 pub / 4 preprint

=== SUMMARY ===
slug                       arxiv   +OA  final   pub   pre
alekseev                      66    30     96    68    28
bi-yanhui                     10    43     53    46     7
boalch                        31    12     43    37     6
chan-kwokwai                  46     6     52    49     3
chao-qian                     16     0     16     6    10
cheng-zhechi                   3     1      4     4     0
cotti                         16    10     26    24     2
ding-yanqiao                  10    23     33    31     2
du-chengyong                  22     3     25    23     2
dubrovin                      50    92    142   121    21
faddeev                        7     9     16    14     2
fang-bohan                    24     8     32    29     3
guo-jindong                    4    19     23    15     8
guo-shuai                     30    10     40    27    13
guzzetti                      24    26     50    41     9
he-weiqiang                   12     5     17    15     2
hertling                      44    48     92    91     1
hu-chuangqiang                15     5     20    10    10
jin-xiaoshang                 14     2     16    15     1
k-saito                       20    55     75    64    11
ke-huazhong                    4    19     23    22     1
kontsevich                    60    30     90    80    10
lang-honglei                  22     5     27    27     0
leung-naichung                40   100    140   130    10
liu-melissa                   53     8     61    52     9
liu-siqi                      44     1     45     2    43
liu-xiaobo                    32    57     89    81     8
manin-yuri                    37   139    176   138    38
mazzocco                      29    21     50    45     5
ni-dadi                        7     1      8     6     2
ruan-yongbin                  57    28     85    81     4
ryszard-nest                  31    57     88    80     8
sabbah                        56    57    113   107     6
sun-shanzhong                 19    13     32    21    11
xiang-maosong                 14     0     14    13     1
xu-xiaomeng                   29    11     40    38     2
yang-chenglang                21     3     24    22     2
zeng-haozhi                   13     6     19    15     4
zhang-huailiang               23    36     59    30    29
zhang-youjin                  53    19     72    71     1
zong-zhengyu                  24     2     26    22     4
